Simulator report for buffer
Wed Mar 18 21:27:28 2015
Quartus II Version 9.1 Build 350 03/24/2010 Service Pack 2 SJ Web Edition


---------------------
; Table of Contents ;
---------------------
  1. Legal Notice
  2. Simulator Summary
  3. Simulator Settings
  4. Simulation Waveforms
  5. Coverage Summary
  6. Complete 1/0-Value Coverage
  7. Missing 1-Value Coverage
  8. Missing 0-Value Coverage
  9. Simulator INI Usage
 10. Simulator Messages



----------------
; Legal Notice ;
----------------
Copyright (C) 1991-2010 Altera Corporation
Your use of Altera Corporation's design tools, logic functions 
and other software and tools, and its AMPP partner logic 
functions, and any output files from any of the foregoing 
(including device programming or simulation files), and any 
associated documentation or information are expressly subject 
to the terms and conditions of the Altera Program License 
Subscription Agreement, Altera MegaCore Function License 
Agreement, or other applicable license agreement, including, 
without limitation, that your use is for the sole purpose of 
programming logic devices manufactured by Altera and sold by 
Altera or its authorized distributors.  Please refer to the 
applicable agreement for further details.



+--------------------------------------------+
; Simulator Summary                          ;
+-----------------------------+--------------+
; Type                        ; Value        ;
+-----------------------------+--------------+
; Simulation Start Time       ; 0 ps         ;
; Simulation End Time         ; 1.0 us       ;
; Simulation Netlist Size     ; 292 nodes    ;
; Simulation Coverage         ;       6.96 % ;
; Total Number of Transitions ; 440          ;
; Simulation Breakpoints      ; 0            ;
; Family                      ; Stratix II   ;
; Device                      ; EP2S15F484C3 ;
+-----------------------------+--------------+


+-------------------------------------------------------------------------------------------------------------------------+
; Simulator Settings                                                                                                      ;
+--------------------------------------------------------------------------------------------+------------+---------------+
; Option                                                                                     ; Setting    ; Default Value ;
+--------------------------------------------------------------------------------------------+------------+---------------+
; Simulation mode                                                                            ; Timing     ; Timing        ;
; Start time                                                                                 ; 0 ns       ; 0 ns          ;
; Simulation results format                                                                  ; CVWF       ;               ;
; Add pins automatically to simulation output waveforms                                      ; On         ; On            ;
; Check outputs                                                                              ; Off        ; Off           ;
; Report simulation coverage                                                                 ; On         ; On            ;
; Display complete 1/0 value coverage report                                                 ; On         ; On            ;
; Display missing 1-value coverage report                                                    ; On         ; On            ;
; Display missing 0-value coverage report                                                    ; On         ; On            ;
; Detect setup and hold time violations                                                      ; Off        ; Off           ;
; Detect glitches                                                                            ; Off        ; Off           ;
; Disable timing delays in Timing Simulation                                                 ; Off        ; Off           ;
; Generate Signal Activity File                                                              ; Off        ; Off           ;
; Generate VCD File for PowerPlay Power Analyzer                                             ; Off        ; Off           ;
; Group bus channels in simulation results                                                   ; Off        ; Off           ;
; Preserve fewer signal transitions to reduce memory requirements                            ; On         ; On            ;
; Trigger vector comparison with the specified mode                                          ; INPUT_EDGE ; INPUT_EDGE    ;
; Disable setup and hold time violations detection in input registers of bi-directional pins ; Off        ; Off           ;
; Overwrite Waveform Inputs With Simulation Outputs                                          ; Off        ;               ;
; Perform Glitch Filtering in Timing Simulation                                              ; Auto       ; Auto          ;
+--------------------------------------------------------------------------------------------+------------+---------------+


+----------------------+
; Simulation Waveforms ;
+----------------------+
Waveform report data cannot be output to ASCII.
Please use Quartus II to view the waveform report data.


+--------------------------------------------------------------------+
; Coverage Summary                                                   ;
+-----------------------------------------------------+--------------+
; Type                                                ; Value        ;
+-----------------------------------------------------+--------------+
; Total coverage as a percentage                      ;       6.96 % ;
; Total nodes checked                                 ; 292          ;
; Total output ports checked                          ; 359          ;
; Total output ports with complete 1/0-value coverage ; 25           ;
; Total output ports with no 1/0-value coverage       ; 310          ;
; Total output ports with no 1-value coverage         ; 327          ;
; Total output ports with no 0-value coverage         ; 317          ;
+-----------------------------------------------------+--------------+


The following table displays output ports that toggle between 1 and 0 during simulation.
+-------------------------------------------------------------------------+
; Complete 1/0-Value Coverage                                             ;
+-----------------------+------------------------------+------------------+
; Node Name             ; Output Port Name             ; Output Port Type ;
+-----------------------+------------------------------+------------------+
; |buffer4|Selector17~1 ; |buffer4|Selector17~1        ; combout          ;
; |buffer4|Selector16~0 ; |buffer4|Selector16~0        ; combout          ;
; |buffer4|Selector16~1 ; |buffer4|Selector16~1        ; combout          ;
; |buffer4|Selector15~1 ; |buffer4|Selector15~1        ; combout          ;
; |buffer4|Selector14~1 ; |buffer4|Selector14~1        ; combout          ;
; |buffer4|output[4]    ; |buffer4|output[4]           ; padio            ;
; |buffer4|output[5]    ; |buffer4|output[5]           ; padio            ;
; |buffer4|output[6]    ; |buffer4|output[6]           ; padio            ;
; |buffer4|output[7]    ; |buffer4|output[7]           ; padio            ;
; |buffer4|portOne[0]   ; |buffer4|portOne[0]~corein   ; combout          ;
; |buffer4|portOne[1]   ; |buffer4|portOne[1]~corein   ; combout          ;
; |buffer4|portThree[2] ; |buffer4|portThree[2]~corein ; combout          ;
; |buffer4|portOne[2]   ; |buffer4|portOne[2]~corein   ; combout          ;
; |buffer4|portThree[3] ; |buffer4|portThree[3]~corein ; combout          ;
; |buffer4|portOne[3]   ; |buffer4|portOne[3]~corein   ; combout          ;
; |buffer4|portThree[4] ; |buffer4|portThree[4]~corein ; combout          ;
; |buffer4|portOne[4]   ; |buffer4|portOne[4]~corein   ; combout          ;
; |buffer4|portThree[5] ; |buffer4|portThree[5]~corein ; combout          ;
; |buffer4|portOne[5]   ; |buffer4|portOne[5]~corein   ; combout          ;
; |buffer4|portThree[6] ; |buffer4|portThree[6]~corein ; combout          ;
; |buffer4|portOne[6]   ; |buffer4|portOne[6]~corein   ; combout          ;
; |buffer4|portThree[7] ; |buffer4|portThree[7]~corein ; combout          ;
; |buffer4|portOne[7]   ; |buffer4|portOne[7]~corein   ; combout          ;
; |buffer4|clk          ; |buffer4|clk~corein          ; combout          ;
; |buffer4|clk~clkctrl  ; |buffer4|clk~clkctrl         ; outclk           ;
+-----------------------+------------------------------+------------------+


The following table displays output ports that do not toggle to 1 during simulation.
+----------------------------------------------------------------------------------+
; Missing 1-Value Coverage                                                         ;
+-----------------------------+---------------------------------+------------------+
; Node Name                   ; Output Port Name                ; Output Port Type ;
+-----------------------------+---------------------------------+------------------+
; |buffer4|Add4~1             ; |buffer4|Add4~1                 ; sumout           ;
; |buffer4|Add4~1             ; |buffer4|Add4~2                 ; cout             ;
; |buffer4|Add4~5             ; |buffer4|Add4~5                 ; sumout           ;
; |buffer4|Add4~5             ; |buffer4|Add4~6                 ; cout             ;
; |buffer4|Add4~9             ; |buffer4|Add4~9                 ; sumout           ;
; |buffer4|Add4~9             ; |buffer4|Add4~10                ; cout             ;
; |buffer4|Add4~13            ; |buffer4|Add4~13                ; sumout           ;
; |buffer4|Add4~13            ; |buffer4|Add4~14                ; cout             ;
; |buffer4|Add4~17            ; |buffer4|Add4~17                ; sumout           ;
; |buffer4|Add4~17            ; |buffer4|Add4~18                ; cout             ;
; |buffer4|Add4~21            ; |buffer4|Add4~21                ; sumout           ;
; |buffer4|Add4~21            ; |buffer4|Add4~22                ; cout             ;
; |buffer4|Add4~25            ; |buffer4|Add4~25                ; sumout           ;
; |buffer4|Add4~25            ; |buffer4|Add4~26                ; cout             ;
; |buffer4|Add4~29            ; |buffer4|Add4~29                ; sumout           ;
; |buffer4|Add4~29            ; |buffer4|Add4~30                ; cout             ;
; |buffer4|Add4~33            ; |buffer4|Add4~33                ; sumout           ;
; |buffer4|Add4~33            ; |buffer4|Add4~34                ; cout             ;
; |buffer4|Add4~37            ; |buffer4|Add4~37                ; sumout           ;
; |buffer4|Add4~37            ; |buffer4|Add4~38                ; cout             ;
; |buffer4|Add4~41            ; |buffer4|Add4~41                ; sumout           ;
; |buffer4|Add4~41            ; |buffer4|Add4~42                ; cout             ;
; |buffer4|Add4~45            ; |buffer4|Add4~45                ; sumout           ;
; |buffer4|Add4~45            ; |buffer4|Add4~46                ; cout             ;
; |buffer4|Add4~49            ; |buffer4|Add4~49                ; sumout           ;
; |buffer4|Add4~49            ; |buffer4|Add4~50                ; cout             ;
; |buffer4|Add4~53            ; |buffer4|Add4~53                ; sumout           ;
; |buffer4|Add3~1             ; |buffer4|Add3~1                 ; sumout           ;
; |buffer4|Add3~1             ; |buffer4|Add3~2                 ; cout             ;
; |buffer4|Add3~5             ; |buffer4|Add3~5                 ; sumout           ;
; |buffer4|Add3~5             ; |buffer4|Add3~6                 ; cout             ;
; |buffer4|Add3~9             ; |buffer4|Add3~9                 ; sumout           ;
; |buffer4|Add3~9             ; |buffer4|Add3~10                ; cout             ;
; |buffer4|Add3~13            ; |buffer4|Add3~13                ; sumout           ;
; |buffer4|Add3~13            ; |buffer4|Add3~14                ; cout             ;
; |buffer4|Add3~17            ; |buffer4|Add3~17                ; sumout           ;
; |buffer4|Add3~17            ; |buffer4|Add3~18                ; cout             ;
; |buffer4|Add3~21            ; |buffer4|Add3~21                ; sumout           ;
; |buffer4|Add3~21            ; |buffer4|Add3~22                ; cout             ;
; |buffer4|Add3~25            ; |buffer4|Add3~25                ; sumout           ;
; |buffer4|Add3~25            ; |buffer4|Add3~26                ; cout             ;
; |buffer4|Add3~29            ; |buffer4|Add3~29                ; sumout           ;
; |buffer4|Add3~29            ; |buffer4|Add3~30                ; cout             ;
; |buffer4|Add3~33            ; |buffer4|Add3~33                ; sumout           ;
; |buffer4|Add3~33            ; |buffer4|Add3~34                ; cout             ;
; |buffer4|Add3~37            ; |buffer4|Add3~37                ; sumout           ;
; |buffer4|Add3~37            ; |buffer4|Add3~38                ; cout             ;
; |buffer4|Add3~41            ; |buffer4|Add3~41                ; sumout           ;
; |buffer4|Add3~41            ; |buffer4|Add3~42                ; cout             ;
; |buffer4|Add3~45            ; |buffer4|Add3~45                ; sumout           ;
; |buffer4|Add3~45            ; |buffer4|Add3~46                ; cout             ;
; |buffer4|Add3~49            ; |buffer4|Add3~49                ; sumout           ;
; |buffer4|Add3~49            ; |buffer4|Add3~50                ; cout             ;
; |buffer4|Add3~53            ; |buffer4|Add3~53                ; sumout           ;
; |buffer4|Add2~1             ; |buffer4|Add2~1                 ; sumout           ;
; |buffer4|Add2~1             ; |buffer4|Add2~2                 ; cout             ;
; |buffer4|Add2~5             ; |buffer4|Add2~5                 ; sumout           ;
; |buffer4|Add2~5             ; |buffer4|Add2~6                 ; cout             ;
; |buffer4|Add2~9             ; |buffer4|Add2~9                 ; sumout           ;
; |buffer4|Add2~9             ; |buffer4|Add2~10                ; cout             ;
; |buffer4|Add2~13            ; |buffer4|Add2~13                ; sumout           ;
; |buffer4|Add2~13            ; |buffer4|Add2~14                ; cout             ;
; |buffer4|Add2~17            ; |buffer4|Add2~17                ; sumout           ;
; |buffer4|Add2~17            ; |buffer4|Add2~18                ; cout             ;
; |buffer4|Add2~21            ; |buffer4|Add2~21                ; sumout           ;
; |buffer4|Add2~21            ; |buffer4|Add2~22                ; cout             ;
; |buffer4|Add2~25            ; |buffer4|Add2~25                ; sumout           ;
; |buffer4|Add2~25            ; |buffer4|Add2~26                ; cout             ;
; |buffer4|Add2~29            ; |buffer4|Add2~29                ; sumout           ;
; |buffer4|Add2~29            ; |buffer4|Add2~30                ; cout             ;
; |buffer4|Add2~33            ; |buffer4|Add2~33                ; sumout           ;
; |buffer4|Add2~33            ; |buffer4|Add2~34                ; cout             ;
; |buffer4|Add2~37            ; |buffer4|Add2~37                ; sumout           ;
; |buffer4|Add2~37            ; |buffer4|Add2~38                ; cout             ;
; |buffer4|Add2~41            ; |buffer4|Add2~41                ; sumout           ;
; |buffer4|Add2~41            ; |buffer4|Add2~42                ; cout             ;
; |buffer4|Add2~45            ; |buffer4|Add2~45                ; sumout           ;
; |buffer4|Add2~45            ; |buffer4|Add2~46                ; cout             ;
; |buffer4|Add2~49            ; |buffer4|Add2~49                ; sumout           ;
; |buffer4|Add2~49            ; |buffer4|Add2~50                ; cout             ;
; |buffer4|Add2~53            ; |buffer4|Add2~53                ; sumout           ;
; |buffer4|Add1~1             ; |buffer4|Add1~1                 ; sumout           ;
; |buffer4|Add1~1             ; |buffer4|Add1~2                 ; cout             ;
; |buffer4|Add1~5             ; |buffer4|Add1~5                 ; sumout           ;
; |buffer4|Add1~5             ; |buffer4|Add1~6                 ; cout             ;
; |buffer4|Add1~9             ; |buffer4|Add1~9                 ; sumout           ;
; |buffer4|Add1~9             ; |buffer4|Add1~10                ; cout             ;
; |buffer4|Add1~13            ; |buffer4|Add1~13                ; sumout           ;
; |buffer4|Add1~13            ; |buffer4|Add1~14                ; cout             ;
; |buffer4|Add1~17            ; |buffer4|Add1~17                ; sumout           ;
; |buffer4|Add1~17            ; |buffer4|Add1~18                ; cout             ;
; |buffer4|Add1~21            ; |buffer4|Add1~21                ; sumout           ;
; |buffer4|Add1~21            ; |buffer4|Add1~22                ; cout             ;
; |buffer4|Add1~25            ; |buffer4|Add1~25                ; sumout           ;
; |buffer4|Add1~25            ; |buffer4|Add1~26                ; cout             ;
; |buffer4|Add1~29            ; |buffer4|Add1~29                ; sumout           ;
; |buffer4|Add1~29            ; |buffer4|Add1~30                ; cout             ;
; |buffer4|Add1~33            ; |buffer4|Add1~33                ; sumout           ;
; |buffer4|Add1~33            ; |buffer4|Add1~34                ; cout             ;
; |buffer4|Add1~37            ; |buffer4|Add1~37                ; sumout           ;
; |buffer4|Add1~37            ; |buffer4|Add1~38                ; cout             ;
; |buffer4|Add1~41            ; |buffer4|Add1~41                ; sumout           ;
; |buffer4|Add1~41            ; |buffer4|Add1~42                ; cout             ;
; |buffer4|Add1~45            ; |buffer4|Add1~45                ; sumout           ;
; |buffer4|Add1~45            ; |buffer4|Add1~46                ; cout             ;
; |buffer4|Add1~49            ; |buffer4|Add1~49                ; sumout           ;
; |buffer4|Add1~49            ; |buffer4|Add1~50                ; cout             ;
; |buffer4|Add1~53            ; |buffer4|Add1~53                ; sumout           ;
; |buffer4|Add0~1             ; |buffer4|Add0~1                 ; sumout           ;
; |buffer4|Add0~1             ; |buffer4|Add0~2                 ; cout             ;
; |buffer4|Add0~5             ; |buffer4|Add0~5                 ; sumout           ;
; |buffer4|Add0~5             ; |buffer4|Add0~6                 ; cout             ;
; |buffer4|Add0~9             ; |buffer4|Add0~9                 ; sumout           ;
; |buffer4|Add0~9             ; |buffer4|Add0~10                ; cout             ;
; |buffer4|Add0~13            ; |buffer4|Add0~13                ; sumout           ;
; |buffer4|Add0~13            ; |buffer4|Add0~14                ; cout             ;
; |buffer4|Add0~17            ; |buffer4|Add0~17                ; sumout           ;
; |buffer4|Add0~17            ; |buffer4|Add0~18                ; cout             ;
; |buffer4|Add0~21            ; |buffer4|Add0~21                ; sumout           ;
; |buffer4|Add0~21            ; |buffer4|Add0~22                ; cout             ;
; |buffer4|Add0~25            ; |buffer4|Add0~25                ; sumout           ;
; |buffer4|Add0~25            ; |buffer4|Add0~26                ; cout             ;
; |buffer4|Add0~29            ; |buffer4|Add0~29                ; sumout           ;
; |buffer4|Add0~29            ; |buffer4|Add0~30                ; cout             ;
; |buffer4|Add0~33            ; |buffer4|Add0~33                ; sumout           ;
; |buffer4|Add0~33            ; |buffer4|Add0~34                ; cout             ;
; |buffer4|Add0~37            ; |buffer4|Add0~37                ; sumout           ;
; |buffer4|Add0~37            ; |buffer4|Add0~38                ; cout             ;
; |buffer4|Add0~41            ; |buffer4|Add0~41                ; sumout           ;
; |buffer4|Add0~41            ; |buffer4|Add0~42                ; cout             ;
; |buffer4|Add0~45            ; |buffer4|Add0~45                ; sumout           ;
; |buffer4|Add0~45            ; |buffer4|Add0~46                ; cout             ;
; |buffer4|Add0~49            ; |buffer4|Add0~49                ; sumout           ;
; |buffer4|Add0~49            ; |buffer4|Add0~50                ; cout             ;
; |buffer4|Add0~53            ; |buffer4|Add0~53                ; sumout           ;
; |buffer4|Add0~53            ; |buffer4|Add0~54                ; cout             ;
; |buffer4|Add0~57            ; |buffer4|Add0~57                ; sumout           ;
; |buffer4|Add0~57            ; |buffer4|Add0~58                ; cout             ;
; |buffer4|Add0~61            ; |buffer4|Add0~61                ; sumout           ;
; |buffer4|state_reg.E        ; |buffer4|state_reg.E            ; regout           ;
; |buffer4|state_reg.C        ; |buffer4|state_reg.C            ; regout           ;
; |buffer4|state_reg.D        ; |buffer4|state_reg.D            ; regout           ;
; |buffer4|Selector21~0       ; |buffer4|Selector21~0           ; combout          ;
; |buffer4|Selector21~2       ; |buffer4|Selector21~2           ; combout          ;
; |buffer4|Selector20~0       ; |buffer4|Selector20~0           ; combout          ;
; |buffer4|Selector20~1       ; |buffer4|Selector20~1           ; combout          ;
; |buffer4|Selector19~0       ; |buffer4|Selector19~0           ; combout          ;
; |buffer4|Selector19~1       ; |buffer4|Selector19~1           ; combout          ;
; |buffer4|Selector18~0       ; |buffer4|Selector18~0           ; combout          ;
; |buffer4|Selector18~1       ; |buffer4|Selector18~1           ; combout          ;
; |buffer4|Selector17~0       ; |buffer4|Selector17~0           ; combout          ;
; |buffer4|Selector15~0       ; |buffer4|Selector15~0           ; combout          ;
; |buffer4|Selector14~0       ; |buffer4|Selector14~0           ; combout          ;
; |buffer4|Selector21~3       ; |buffer4|Selector21~3           ; combout          ;
; |buffer4|Equal3~0           ; |buffer4|Equal3~0               ; combout          ;
; |buffer4|Equal3~1           ; |buffer4|Equal3~1               ; combout          ;
; |buffer4|Equal3~2           ; |buffer4|Equal3~2               ; combout          ;
; |buffer4|Equal3~3           ; |buffer4|Equal3~3               ; combout          ;
; |buffer4|Equal3~4           ; |buffer4|Equal3~4               ; combout          ;
; |buffer4|Equal3~5           ; |buffer4|Equal3~5               ; combout          ;
; |buffer4|Equal3~6           ; |buffer4|Equal3~6               ; combout          ;
; |buffer4|Equal2~0           ; |buffer4|Equal2~0               ; combout          ;
; |buffer4|Equal2~1           ; |buffer4|Equal2~1               ; combout          ;
; |buffer4|Equal2~2           ; |buffer4|Equal2~2               ; combout          ;
; |buffer4|Equal2~3           ; |buffer4|Equal2~3               ; combout          ;
; |buffer4|Equal2~4           ; |buffer4|Equal2~4               ; combout          ;
; |buffer4|Equal2~5           ; |buffer4|Equal2~5               ; combout          ;
; |buffer4|Equal2~6           ; |buffer4|Equal2~6               ; combout          ;
; |buffer4|Selector25~0       ; |buffer4|Selector25~0           ; combout          ;
; |buffer4|process_0~0        ; |buffer4|process_0~0            ; combout          ;
; |buffer4|Equal1~0           ; |buffer4|Equal1~0               ; combout          ;
; |buffer4|Equal1~1           ; |buffer4|Equal1~1               ; combout          ;
; |buffer4|Equal1~2           ; |buffer4|Equal1~2               ; combout          ;
; |buffer4|Equal1~3           ; |buffer4|Equal1~3               ; combout          ;
; |buffer4|Equal1~4           ; |buffer4|Equal1~4               ; combout          ;
; |buffer4|Equal1~5           ; |buffer4|Equal1~5               ; combout          ;
; |buffer4|Equal1~6           ; |buffer4|Equal1~6               ; combout          ;
; |buffer4|Equal0~0           ; |buffer4|Equal0~0               ; combout          ;
; |buffer4|Equal0~1           ; |buffer4|Equal0~1               ; combout          ;
; |buffer4|Equal0~2           ; |buffer4|Equal0~2               ; combout          ;
; |buffer4|Equal0~3           ; |buffer4|Equal0~3               ; combout          ;
; |buffer4|Equal0~4           ; |buffer4|Equal0~4               ; combout          ;
; |buffer4|Equal0~5           ; |buffer4|Equal0~5               ; combout          ;
; |buffer4|Equal0~6           ; |buffer4|Equal0~6               ; combout          ;
; |buffer4|Selector23~0       ; |buffer4|Selector23~0           ; combout          ;
; |buffer4|Selector23~1       ; |buffer4|Selector23~1           ; combout          ;
; |buffer4|Selector24~0       ; |buffer4|Selector24~0           ; combout          ;
; |buffer4|Equal0~7           ; |buffer4|Equal0~7               ; combout          ;
; |buffer4|Selector22~0       ; |buffer4|Selector22~0           ; combout          ;
; |buffer4|Equal3~7           ; |buffer4|Equal3~7               ; combout          ;
; |buffer4|Equal3~8           ; |buffer4|Equal3~8               ; combout          ;
; |buffer4|Selector28~0       ; |buffer4|Selector28~0           ; combout          ;
; |buffer4|Selector28~1       ; |buffer4|Selector28~1           ; combout          ;
; |buffer4|Selector28~2       ; |buffer4|Selector28~2           ; combout          ;
; |buffer4|Equal1~7           ; |buffer4|Equal1~7               ; combout          ;
; |buffer4|Equal1~8           ; |buffer4|Equal1~8               ; combout          ;
; |buffer4|Equal1~9           ; |buffer4|Equal1~9               ; combout          ;
; |buffer4|Selector28~3       ; |buffer4|Selector28~3           ; combout          ;
; |buffer4|Selector27~0       ; |buffer4|Selector27~0           ; combout          ;
; |buffer4|Selector3~0        ; |buffer4|Selector3~0            ; combout          ;
; |buffer4|Selector1~0        ; |buffer4|Selector1~0            ; combout          ;
; |buffer4|Selector26~0       ; |buffer4|Selector26~0           ; combout          ;
; |buffer4|Selector0~0        ; |buffer4|Selector0~0            ; combout          ;
; |buffer4|Selector10~0       ; |buffer4|Selector10~0           ; combout          ;
; |buffer4|Selector11~0       ; |buffer4|Selector11~0           ; combout          ;
; |buffer4|Selector13~0       ; |buffer4|Selector13~0           ; combout          ;
; |buffer4|Selector12~0       ; |buffer4|Selector12~0           ; combout          ;
; |buffer4|Selector4~0        ; |buffer4|Selector4~0            ; combout          ;
; |buffer4|Selector6~0        ; |buffer4|Selector6~0            ; combout          ;
; |buffer4|Selector5~0        ; |buffer4|Selector5~0            ; combout          ;
; |buffer4|Selector28~4       ; |buffer4|Selector28~4           ; combout          ;
; |buffer4|Selector7~0        ; |buffer4|Selector7~0            ; combout          ;
; |buffer4|Selector9~0        ; |buffer4|Selector9~0            ; combout          ;
; |buffer4|Selector8~0        ; |buffer4|Selector8~0            ; combout          ;
; |buffer4|state_reg.A~0      ; |buffer4|state_reg.A~0          ; combout          ;
; |buffer4|current_length[14] ; |buffer4|current_length[14]     ; combout          ;
; |buffer4|current_length[10] ; |buffer4|current_length[10]     ; combout          ;
; |buffer4|current_length[11] ; |buffer4|current_length[11]     ; combout          ;
; |buffer4|current_length[13] ; |buffer4|current_length[13]     ; combout          ;
; |buffer4|current_length[12] ; |buffer4|current_length[12]     ; combout          ;
; |buffer4|current_length[3]  ; |buffer4|current_length[3]      ; combout          ;
; |buffer4|current_length[2]  ; |buffer4|current_length[2]      ; combout          ;
; |buffer4|current_length[0]  ; |buffer4|current_length[0]      ; combout          ;
; |buffer4|current_length[1]  ; |buffer4|current_length[1]      ; combout          ;
; |buffer4|current_length[9]  ; |buffer4|current_length[9]      ; combout          ;
; |buffer4|current_length[7]  ; |buffer4|current_length[7]      ; combout          ;
; |buffer4|current_length[8]  ; |buffer4|current_length[8]      ; combout          ;
; |buffer4|current_length[15] ; |buffer4|current_length[15]     ; combout          ;
; |buffer4|current_length[6]  ; |buffer4|current_length[6]      ; combout          ;
; |buffer4|current_length[4]  ; |buffer4|current_length[4]      ; combout          ;
; |buffer4|current_length[5]  ; |buffer4|current_length[5]      ; combout          ;
; |buffer4|output[0]          ; |buffer4|output[0]              ; padio            ;
; |buffer4|output[1]          ; |buffer4|output[1]              ; padio            ;
; |buffer4|output[2]          ; |buffer4|output[2]              ; padio            ;
; |buffer4|output[3]          ; |buffer4|output[3]              ; padio            ;
; |buffer4|state_debug[1]     ; |buffer4|state_debug[1]         ; padio            ;
; |buffer4|state_debug[2]     ; |buffer4|state_debug[2]         ; padio            ;
; |buffer4|portNum[1]         ; |buffer4|portNum[1]             ; padio            ;
; |buffer4|portNum[2]         ; |buffer4|portNum[2]             ; padio            ;
; |buffer4|portFour[0]        ; |buffer4|portFour[0]~corein     ; combout          ;
; |buffer4|portTwo[0]         ; |buffer4|portTwo[0]~corein      ; combout          ;
; |buffer4|portThree[0]       ; |buffer4|portThree[0]~corein    ; combout          ;
; |buffer4|portFour[1]        ; |buffer4|portFour[1]~corein     ; combout          ;
; |buffer4|portTwo[1]         ; |buffer4|portTwo[1]~corein      ; combout          ;
; |buffer4|portThree[1]       ; |buffer4|portThree[1]~corein    ; combout          ;
; |buffer4|portFour[2]        ; |buffer4|portFour[2]~corein     ; combout          ;
; |buffer4|portTwo[2]         ; |buffer4|portTwo[2]~corein      ; combout          ;
; |buffer4|portFour[3]        ; |buffer4|portFour[3]~corein     ; combout          ;
; |buffer4|portTwo[3]         ; |buffer4|portTwo[3]~corein      ; combout          ;
; |buffer4|portFour[4]        ; |buffer4|portFour[4]~corein     ; combout          ;
; |buffer4|portTwo[4]         ; |buffer4|portTwo[4]~corein      ; combout          ;
; |buffer4|portFour[5]        ; |buffer4|portFour[5]~corein     ; combout          ;
; |buffer4|portTwo[5]         ; |buffer4|portTwo[5]~corein      ; combout          ;
; |buffer4|portFour[6]        ; |buffer4|portFour[6]~corein     ; combout          ;
; |buffer4|portTwo[6]         ; |buffer4|portTwo[6]~corein      ; combout          ;
; |buffer4|portFour[7]        ; |buffer4|portFour[7]~corein     ; combout          ;
; |buffer4|portTwo[7]         ; |buffer4|portTwo[7]~corein      ; combout          ;
; |buffer4|lngth_four[10]     ; |buffer4|lngth_four[10]~corein  ; combout          ;
; |buffer4|lngth_four[9]      ; |buffer4|lngth_four[9]~corein   ; combout          ;
; |buffer4|lngth_four[8]      ; |buffer4|lngth_four[8]~corein   ; combout          ;
; |buffer4|lngth_four[7]      ; |buffer4|lngth_four[7]~corein   ; combout          ;
; |buffer4|lngth_four[6]      ; |buffer4|lngth_four[6]~corein   ; combout          ;
; |buffer4|lngth_four[5]      ; |buffer4|lngth_four[5]~corein   ; combout          ;
; |buffer4|lngth_four[4]      ; |buffer4|lngth_four[4]~corein   ; combout          ;
; |buffer4|lngth_four[3]      ; |buffer4|lngth_four[3]~corein   ; combout          ;
; |buffer4|lngth_four[2]      ; |buffer4|lngth_four[2]~corein   ; combout          ;
; |buffer4|lngth_four[1]      ; |buffer4|lngth_four[1]~corein   ; combout          ;
; |buffer4|lngth_four[11]     ; |buffer4|lngth_four[11]~corein  ; combout          ;
; |buffer4|lngth_four[14]     ; |buffer4|lngth_four[14]~corein  ; combout          ;
; |buffer4|lngth_four[13]     ; |buffer4|lngth_four[13]~corein  ; combout          ;
; |buffer4|lngth_four[12]     ; |buffer4|lngth_four[12]~corein  ; combout          ;
; |buffer4|lngth_four[0]      ; |buffer4|lngth_four[0]~corein   ; combout          ;
; |buffer4|lngth_four[15]     ; |buffer4|lngth_four[15]~corein  ; combout          ;
; |buffer4|lngth_three[10]    ; |buffer4|lngth_three[10]~corein ; combout          ;
; |buffer4|lngth_three[9]     ; |buffer4|lngth_three[9]~corein  ; combout          ;
; |buffer4|lngth_three[8]     ; |buffer4|lngth_three[8]~corein  ; combout          ;
; |buffer4|lngth_three[7]     ; |buffer4|lngth_three[7]~corein  ; combout          ;
; |buffer4|lngth_three[6]     ; |buffer4|lngth_three[6]~corein  ; combout          ;
; |buffer4|lngth_three[5]     ; |buffer4|lngth_three[5]~corein  ; combout          ;
; |buffer4|lngth_three[4]     ; |buffer4|lngth_three[4]~corein  ; combout          ;
; |buffer4|lngth_three[3]     ; |buffer4|lngth_three[3]~corein  ; combout          ;
; |buffer4|lngth_three[2]     ; |buffer4|lngth_three[2]~corein  ; combout          ;
; |buffer4|lngth_three[1]     ; |buffer4|lngth_three[1]~corein  ; combout          ;
; |buffer4|lngth_three[11]    ; |buffer4|lngth_three[11]~corein ; combout          ;
; |buffer4|lngth_three[14]    ; |buffer4|lngth_three[14]~corein ; combout          ;
; |buffer4|lngth_three[13]    ; |buffer4|lngth_three[13]~corein ; combout          ;
; |buffer4|lngth_three[12]    ; |buffer4|lngth_three[12]~corein ; combout          ;
; |buffer4|lngth_three[0]     ; |buffer4|lngth_three[0]~corein  ; combout          ;
; |buffer4|lngth_three[15]    ; |buffer4|lngth_three[15]~corein ; combout          ;
; |buffer4|enable             ; |buffer4|enable~corein          ; combout          ;
; |buffer4|reset              ; |buffer4|reset~corein           ; combout          ;
; |buffer4|lngth_two[10]      ; |buffer4|lngth_two[10]~corein   ; combout          ;
; |buffer4|lngth_two[9]       ; |buffer4|lngth_two[9]~corein    ; combout          ;
; |buffer4|lngth_two[8]       ; |buffer4|lngth_two[8]~corein    ; combout          ;
; |buffer4|lngth_two[7]       ; |buffer4|lngth_two[7]~corein    ; combout          ;
; |buffer4|lngth_two[6]       ; |buffer4|lngth_two[6]~corein    ; combout          ;
; |buffer4|lngth_two[5]       ; |buffer4|lngth_two[5]~corein    ; combout          ;
; |buffer4|lngth_two[4]       ; |buffer4|lngth_two[4]~corein    ; combout          ;
; |buffer4|lngth_two[3]       ; |buffer4|lngth_two[3]~corein    ; combout          ;
; |buffer4|lngth_two[2]       ; |buffer4|lngth_two[2]~corein    ; combout          ;
; |buffer4|lngth_two[1]       ; |buffer4|lngth_two[1]~corein    ; combout          ;
; |buffer4|lngth_two[11]      ; |buffer4|lngth_two[11]~corein   ; combout          ;
; |buffer4|lngth_two[14]      ; |buffer4|lngth_two[14]~corein   ; combout          ;
; |buffer4|lngth_two[13]      ; |buffer4|lngth_two[13]~corein   ; combout          ;
; |buffer4|lngth_two[12]      ; |buffer4|lngth_two[12]~corein   ; combout          ;
; |buffer4|lngth_two[0]       ; |buffer4|lngth_two[0]~corein    ; combout          ;
; |buffer4|lngth_two[15]      ; |buffer4|lngth_two[15]~corein   ; combout          ;
; |buffer4|lngth_one[10]      ; |buffer4|lngth_one[10]~corein   ; combout          ;
; |buffer4|lngth_one[9]       ; |buffer4|lngth_one[9]~corein    ; combout          ;
; |buffer4|lngth_one[8]       ; |buffer4|lngth_one[8]~corein    ; combout          ;
; |buffer4|lngth_one[7]       ; |buffer4|lngth_one[7]~corein    ; combout          ;
; |buffer4|lngth_one[6]       ; |buffer4|lngth_one[6]~corein    ; combout          ;
; |buffer4|lngth_one[5]       ; |buffer4|lngth_one[5]~corein    ; combout          ;
; |buffer4|lngth_one[4]       ; |buffer4|lngth_one[4]~corein    ; combout          ;
; |buffer4|lngth_one[3]       ; |buffer4|lngth_one[3]~corein    ; combout          ;
; |buffer4|lngth_one[2]       ; |buffer4|lngth_one[2]~corein    ; combout          ;
; |buffer4|lngth_one[1]       ; |buffer4|lngth_one[1]~corein    ; combout          ;
; |buffer4|lngth_one[11]      ; |buffer4|lngth_one[11]~corein   ; combout          ;
; |buffer4|lngth_one[14]      ; |buffer4|lngth_one[14]~corein   ; combout          ;
; |buffer4|lngth_one[13]      ; |buffer4|lngth_one[13]~corein   ; combout          ;
; |buffer4|lngth_one[12]      ; |buffer4|lngth_one[12]~corein   ; combout          ;
; |buffer4|lngth_one[0]       ; |buffer4|lngth_one[0]~corein    ; combout          ;
; |buffer4|lngth_one[15]      ; |buffer4|lngth_one[15]~corein   ; combout          ;
; |buffer4|process_0~0clkctrl ; |buffer4|process_0~0clkctrl     ; outclk           ;
; |buffer4|Equal3~0DUPLICATE  ; |buffer4|Equal3~0DUPLICATE      ; combout          ;
; |buffer4|Equal1~6DUPLICATE  ; |buffer4|Equal1~6DUPLICATE      ; combout          ;
; |buffer4|Equal0~0DUPLICATE  ; |buffer4|Equal0~0DUPLICATE      ; combout          ;
+-----------------------------+---------------------------------+------------------+


The following table displays output ports that do not toggle to 0 during simulation.
+-----------------------------------------------------------------------------------+
; Missing 0-Value Coverage                                                          ;
+------------------------------+---------------------------------+------------------+
; Node Name                    ; Output Port Name                ; Output Port Type ;
+------------------------------+---------------------------------+------------------+
; |buffer4|Add4~1              ; |buffer4|Add4~1                 ; sumout           ;
; |buffer4|Add4~1              ; |buffer4|Add4~2                 ; cout             ;
; |buffer4|Add4~5              ; |buffer4|Add4~5                 ; sumout           ;
; |buffer4|Add4~5              ; |buffer4|Add4~6                 ; cout             ;
; |buffer4|Add4~9              ; |buffer4|Add4~9                 ; sumout           ;
; |buffer4|Add4~9              ; |buffer4|Add4~10                ; cout             ;
; |buffer4|Add4~13             ; |buffer4|Add4~13                ; sumout           ;
; |buffer4|Add4~13             ; |buffer4|Add4~14                ; cout             ;
; |buffer4|Add4~17             ; |buffer4|Add4~17                ; sumout           ;
; |buffer4|Add4~17             ; |buffer4|Add4~18                ; cout             ;
; |buffer4|Add4~21             ; |buffer4|Add4~21                ; sumout           ;
; |buffer4|Add4~21             ; |buffer4|Add4~22                ; cout             ;
; |buffer4|Add4~25             ; |buffer4|Add4~25                ; sumout           ;
; |buffer4|Add4~25             ; |buffer4|Add4~26                ; cout             ;
; |buffer4|Add4~29             ; |buffer4|Add4~29                ; sumout           ;
; |buffer4|Add4~29             ; |buffer4|Add4~30                ; cout             ;
; |buffer4|Add4~33             ; |buffer4|Add4~33                ; sumout           ;
; |buffer4|Add4~33             ; |buffer4|Add4~34                ; cout             ;
; |buffer4|Add4~37             ; |buffer4|Add4~37                ; sumout           ;
; |buffer4|Add4~37             ; |buffer4|Add4~38                ; cout             ;
; |buffer4|Add4~41             ; |buffer4|Add4~41                ; sumout           ;
; |buffer4|Add4~41             ; |buffer4|Add4~42                ; cout             ;
; |buffer4|Add4~45             ; |buffer4|Add4~45                ; sumout           ;
; |buffer4|Add4~45             ; |buffer4|Add4~46                ; cout             ;
; |buffer4|Add4~49             ; |buffer4|Add4~49                ; sumout           ;
; |buffer4|Add4~49             ; |buffer4|Add4~50                ; cout             ;
; |buffer4|Add4~53             ; |buffer4|Add4~53                ; sumout           ;
; |buffer4|Add3~1              ; |buffer4|Add3~1                 ; sumout           ;
; |buffer4|Add3~1              ; |buffer4|Add3~2                 ; cout             ;
; |buffer4|Add3~5              ; |buffer4|Add3~5                 ; sumout           ;
; |buffer4|Add3~5              ; |buffer4|Add3~6                 ; cout             ;
; |buffer4|Add3~9              ; |buffer4|Add3~9                 ; sumout           ;
; |buffer4|Add3~9              ; |buffer4|Add3~10                ; cout             ;
; |buffer4|Add3~13             ; |buffer4|Add3~13                ; sumout           ;
; |buffer4|Add3~13             ; |buffer4|Add3~14                ; cout             ;
; |buffer4|Add3~17             ; |buffer4|Add3~17                ; sumout           ;
; |buffer4|Add3~17             ; |buffer4|Add3~18                ; cout             ;
; |buffer4|Add3~21             ; |buffer4|Add3~21                ; sumout           ;
; |buffer4|Add3~21             ; |buffer4|Add3~22                ; cout             ;
; |buffer4|Add3~25             ; |buffer4|Add3~25                ; sumout           ;
; |buffer4|Add3~25             ; |buffer4|Add3~26                ; cout             ;
; |buffer4|Add3~29             ; |buffer4|Add3~29                ; sumout           ;
; |buffer4|Add3~29             ; |buffer4|Add3~30                ; cout             ;
; |buffer4|Add3~33             ; |buffer4|Add3~33                ; sumout           ;
; |buffer4|Add3~33             ; |buffer4|Add3~34                ; cout             ;
; |buffer4|Add3~37             ; |buffer4|Add3~37                ; sumout           ;
; |buffer4|Add3~37             ; |buffer4|Add3~38                ; cout             ;
; |buffer4|Add3~41             ; |buffer4|Add3~41                ; sumout           ;
; |buffer4|Add3~41             ; |buffer4|Add3~42                ; cout             ;
; |buffer4|Add3~45             ; |buffer4|Add3~45                ; sumout           ;
; |buffer4|Add3~45             ; |buffer4|Add3~46                ; cout             ;
; |buffer4|Add3~49             ; |buffer4|Add3~49                ; sumout           ;
; |buffer4|Add3~49             ; |buffer4|Add3~50                ; cout             ;
; |buffer4|Add3~53             ; |buffer4|Add3~53                ; sumout           ;
; |buffer4|Add2~1              ; |buffer4|Add2~1                 ; sumout           ;
; |buffer4|Add2~1              ; |buffer4|Add2~2                 ; cout             ;
; |buffer4|Add2~5              ; |buffer4|Add2~5                 ; sumout           ;
; |buffer4|Add2~5              ; |buffer4|Add2~6                 ; cout             ;
; |buffer4|Add2~9              ; |buffer4|Add2~9                 ; sumout           ;
; |buffer4|Add2~9              ; |buffer4|Add2~10                ; cout             ;
; |buffer4|Add2~13             ; |buffer4|Add2~13                ; sumout           ;
; |buffer4|Add2~13             ; |buffer4|Add2~14                ; cout             ;
; |buffer4|Add2~17             ; |buffer4|Add2~17                ; sumout           ;
; |buffer4|Add2~17             ; |buffer4|Add2~18                ; cout             ;
; |buffer4|Add2~21             ; |buffer4|Add2~21                ; sumout           ;
; |buffer4|Add2~21             ; |buffer4|Add2~22                ; cout             ;
; |buffer4|Add2~25             ; |buffer4|Add2~25                ; sumout           ;
; |buffer4|Add2~25             ; |buffer4|Add2~26                ; cout             ;
; |buffer4|Add2~29             ; |buffer4|Add2~29                ; sumout           ;
; |buffer4|Add2~29             ; |buffer4|Add2~30                ; cout             ;
; |buffer4|Add2~33             ; |buffer4|Add2~33                ; sumout           ;
; |buffer4|Add2~33             ; |buffer4|Add2~34                ; cout             ;
; |buffer4|Add2~37             ; |buffer4|Add2~37                ; sumout           ;
; |buffer4|Add2~37             ; |buffer4|Add2~38                ; cout             ;
; |buffer4|Add2~41             ; |buffer4|Add2~41                ; sumout           ;
; |buffer4|Add2~41             ; |buffer4|Add2~42                ; cout             ;
; |buffer4|Add2~45             ; |buffer4|Add2~45                ; sumout           ;
; |buffer4|Add2~45             ; |buffer4|Add2~46                ; cout             ;
; |buffer4|Add2~49             ; |buffer4|Add2~49                ; sumout           ;
; |buffer4|Add2~49             ; |buffer4|Add2~50                ; cout             ;
; |buffer4|Add2~53             ; |buffer4|Add2~53                ; sumout           ;
; |buffer4|Add1~1              ; |buffer4|Add1~1                 ; sumout           ;
; |buffer4|Add1~1              ; |buffer4|Add1~2                 ; cout             ;
; |buffer4|Add1~5              ; |buffer4|Add1~5                 ; sumout           ;
; |buffer4|Add1~5              ; |buffer4|Add1~6                 ; cout             ;
; |buffer4|Add1~9              ; |buffer4|Add1~9                 ; sumout           ;
; |buffer4|Add1~9              ; |buffer4|Add1~10                ; cout             ;
; |buffer4|Add1~13             ; |buffer4|Add1~13                ; sumout           ;
; |buffer4|Add1~13             ; |buffer4|Add1~14                ; cout             ;
; |buffer4|Add1~17             ; |buffer4|Add1~17                ; sumout           ;
; |buffer4|Add1~17             ; |buffer4|Add1~18                ; cout             ;
; |buffer4|Add1~21             ; |buffer4|Add1~21                ; sumout           ;
; |buffer4|Add1~21             ; |buffer4|Add1~22                ; cout             ;
; |buffer4|Add1~25             ; |buffer4|Add1~25                ; sumout           ;
; |buffer4|Add1~25             ; |buffer4|Add1~26                ; cout             ;
; |buffer4|Add1~29             ; |buffer4|Add1~29                ; sumout           ;
; |buffer4|Add1~29             ; |buffer4|Add1~30                ; cout             ;
; |buffer4|Add1~33             ; |buffer4|Add1~33                ; sumout           ;
; |buffer4|Add1~33             ; |buffer4|Add1~34                ; cout             ;
; |buffer4|Add1~37             ; |buffer4|Add1~37                ; sumout           ;
; |buffer4|Add1~37             ; |buffer4|Add1~38                ; cout             ;
; |buffer4|Add1~41             ; |buffer4|Add1~41                ; sumout           ;
; |buffer4|Add1~41             ; |buffer4|Add1~42                ; cout             ;
; |buffer4|Add1~45             ; |buffer4|Add1~45                ; sumout           ;
; |buffer4|Add1~45             ; |buffer4|Add1~46                ; cout             ;
; |buffer4|Add1~49             ; |buffer4|Add1~49                ; sumout           ;
; |buffer4|Add1~49             ; |buffer4|Add1~50                ; cout             ;
; |buffer4|Add1~53             ; |buffer4|Add1~53                ; sumout           ;
; |buffer4|Add0~1              ; |buffer4|Add0~1                 ; sumout           ;
; |buffer4|Add0~1              ; |buffer4|Add0~2                 ; cout             ;
; |buffer4|Add0~5              ; |buffer4|Add0~5                 ; sumout           ;
; |buffer4|Add0~5              ; |buffer4|Add0~6                 ; cout             ;
; |buffer4|Add0~9              ; |buffer4|Add0~9                 ; sumout           ;
; |buffer4|Add0~9              ; |buffer4|Add0~10                ; cout             ;
; |buffer4|Add0~13             ; |buffer4|Add0~13                ; sumout           ;
; |buffer4|Add0~13             ; |buffer4|Add0~14                ; cout             ;
; |buffer4|Add0~17             ; |buffer4|Add0~17                ; sumout           ;
; |buffer4|Add0~17             ; |buffer4|Add0~18                ; cout             ;
; |buffer4|Add0~21             ; |buffer4|Add0~21                ; sumout           ;
; |buffer4|Add0~21             ; |buffer4|Add0~22                ; cout             ;
; |buffer4|Add0~25             ; |buffer4|Add0~25                ; sumout           ;
; |buffer4|Add0~25             ; |buffer4|Add0~26                ; cout             ;
; |buffer4|Add0~29             ; |buffer4|Add0~29                ; sumout           ;
; |buffer4|Add0~29             ; |buffer4|Add0~30                ; cout             ;
; |buffer4|Add0~33             ; |buffer4|Add0~33                ; sumout           ;
; |buffer4|Add0~33             ; |buffer4|Add0~34                ; cout             ;
; |buffer4|Add0~37             ; |buffer4|Add0~37                ; sumout           ;
; |buffer4|Add0~37             ; |buffer4|Add0~38                ; cout             ;
; |buffer4|Add0~41             ; |buffer4|Add0~41                ; sumout           ;
; |buffer4|Add0~41             ; |buffer4|Add0~42                ; cout             ;
; |buffer4|Add0~45             ; |buffer4|Add0~45                ; sumout           ;
; |buffer4|Add0~45             ; |buffer4|Add0~46                ; cout             ;
; |buffer4|Add0~49             ; |buffer4|Add0~49                ; sumout           ;
; |buffer4|Add0~49             ; |buffer4|Add0~50                ; cout             ;
; |buffer4|Add0~53             ; |buffer4|Add0~53                ; sumout           ;
; |buffer4|Add0~53             ; |buffer4|Add0~54                ; cout             ;
; |buffer4|Add0~57             ; |buffer4|Add0~57                ; sumout           ;
; |buffer4|Add0~57             ; |buffer4|Add0~58                ; cout             ;
; |buffer4|Add0~61             ; |buffer4|Add0~61                ; sumout           ;
; |buffer4|state_reg.E         ; |buffer4|state_reg.E            ; regout           ;
; |buffer4|state_reg.C         ; |buffer4|state_reg.C            ; regout           ;
; |buffer4|state_reg.D         ; |buffer4|state_reg.D            ; regout           ;
; |buffer4|state_reg.B         ; |buffer4|state_reg.B            ; regout           ;
; |buffer4|Selector21~1        ; |buffer4|Selector21~1           ; combout          ;
; |buffer4|state_debug~0       ; |buffer4|state_debug~0          ; combout          ;
; |buffer4|Selector21~3        ; |buffer4|Selector21~3           ; combout          ;
; |buffer4|Equal3~0            ; |buffer4|Equal3~0               ; combout          ;
; |buffer4|Equal3~1            ; |buffer4|Equal3~1               ; combout          ;
; |buffer4|Equal3~2            ; |buffer4|Equal3~2               ; combout          ;
; |buffer4|Equal3~3            ; |buffer4|Equal3~3               ; combout          ;
; |buffer4|Equal3~4            ; |buffer4|Equal3~4               ; combout          ;
; |buffer4|Equal3~5            ; |buffer4|Equal3~5               ; combout          ;
; |buffer4|Equal3~6            ; |buffer4|Equal3~6               ; combout          ;
; |buffer4|Equal2~0            ; |buffer4|Equal2~0               ; combout          ;
; |buffer4|Equal2~1            ; |buffer4|Equal2~1               ; combout          ;
; |buffer4|Equal2~2            ; |buffer4|Equal2~2               ; combout          ;
; |buffer4|Equal2~3            ; |buffer4|Equal2~3               ; combout          ;
; |buffer4|Equal2~4            ; |buffer4|Equal2~4               ; combout          ;
; |buffer4|Equal2~5            ; |buffer4|Equal2~5               ; combout          ;
; |buffer4|Equal2~6            ; |buffer4|Equal2~6               ; combout          ;
; |buffer4|Selector25~0        ; |buffer4|Selector25~0           ; combout          ;
; |buffer4|process_0~0         ; |buffer4|process_0~0            ; combout          ;
; |buffer4|Equal1~0            ; |buffer4|Equal1~0               ; combout          ;
; |buffer4|Equal1~1            ; |buffer4|Equal1~1               ; combout          ;
; |buffer4|Equal1~2            ; |buffer4|Equal1~2               ; combout          ;
; |buffer4|Equal1~3            ; |buffer4|Equal1~3               ; combout          ;
; |buffer4|Equal1~4            ; |buffer4|Equal1~4               ; combout          ;
; |buffer4|Equal1~5            ; |buffer4|Equal1~5               ; combout          ;
; |buffer4|Equal1~6            ; |buffer4|Equal1~6               ; combout          ;
; |buffer4|Equal0~0            ; |buffer4|Equal0~0               ; combout          ;
; |buffer4|Equal0~1            ; |buffer4|Equal0~1               ; combout          ;
; |buffer4|Equal0~2            ; |buffer4|Equal0~2               ; combout          ;
; |buffer4|Equal0~3            ; |buffer4|Equal0~3               ; combout          ;
; |buffer4|Equal0~4            ; |buffer4|Equal0~4               ; combout          ;
; |buffer4|Equal0~5            ; |buffer4|Equal0~5               ; combout          ;
; |buffer4|Equal0~6            ; |buffer4|Equal0~6               ; combout          ;
; |buffer4|Selector23~0        ; |buffer4|Selector23~0           ; combout          ;
; |buffer4|Selector23~1        ; |buffer4|Selector23~1           ; combout          ;
; |buffer4|Selector24~0        ; |buffer4|Selector24~0           ; combout          ;
; |buffer4|Equal0~7            ; |buffer4|Equal0~7               ; combout          ;
; |buffer4|state_reg.A         ; |buffer4|state_reg.A            ; regout           ;
; |buffer4|Selector22~0        ; |buffer4|Selector22~0           ; combout          ;
; |buffer4|Equal3~7            ; |buffer4|Equal3~7               ; combout          ;
; |buffer4|Equal3~8            ; |buffer4|Equal3~8               ; combout          ;
; |buffer4|Selector28~1        ; |buffer4|Selector28~1           ; combout          ;
; |buffer4|Equal1~7            ; |buffer4|Equal1~7               ; combout          ;
; |buffer4|Equal1~8            ; |buffer4|Equal1~8               ; combout          ;
; |buffer4|Equal1~9            ; |buffer4|Equal1~9               ; combout          ;
; |buffer4|Selector28~3        ; |buffer4|Selector28~3           ; combout          ;
; |buffer4|Selector27~0        ; |buffer4|Selector27~0           ; combout          ;
; |buffer4|Selector3~0         ; |buffer4|Selector3~0            ; combout          ;
; |buffer4|Selector1~0         ; |buffer4|Selector1~0            ; combout          ;
; |buffer4|Selector26~0        ; |buffer4|Selector26~0           ; combout          ;
; |buffer4|Selector0~0         ; |buffer4|Selector0~0            ; combout          ;
; |buffer4|Selector10~0        ; |buffer4|Selector10~0           ; combout          ;
; |buffer4|Selector11~0        ; |buffer4|Selector11~0           ; combout          ;
; |buffer4|Selector13~0        ; |buffer4|Selector13~0           ; combout          ;
; |buffer4|Selector12~0        ; |buffer4|Selector12~0           ; combout          ;
; |buffer4|Selector4~0         ; |buffer4|Selector4~0            ; combout          ;
; |buffer4|Selector6~0         ; |buffer4|Selector6~0            ; combout          ;
; |buffer4|Selector5~0         ; |buffer4|Selector5~0            ; combout          ;
; |buffer4|Selector28~4        ; |buffer4|Selector28~4           ; combout          ;
; |buffer4|Selector7~0         ; |buffer4|Selector7~0            ; combout          ;
; |buffer4|Selector9~0         ; |buffer4|Selector9~0            ; combout          ;
; |buffer4|Selector8~0         ; |buffer4|Selector8~0            ; combout          ;
; |buffer4|state_reg.A~0       ; |buffer4|state_reg.A~0          ; combout          ;
; |buffer4|current_length[14]  ; |buffer4|current_length[14]     ; combout          ;
; |buffer4|current_length[10]  ; |buffer4|current_length[10]     ; combout          ;
; |buffer4|current_length[11]  ; |buffer4|current_length[11]     ; combout          ;
; |buffer4|current_length[13]  ; |buffer4|current_length[13]     ; combout          ;
; |buffer4|current_length[12]  ; |buffer4|current_length[12]     ; combout          ;
; |buffer4|current_length[3]   ; |buffer4|current_length[3]      ; combout          ;
; |buffer4|current_length[2]   ; |buffer4|current_length[2]      ; combout          ;
; |buffer4|current_length[0]   ; |buffer4|current_length[0]      ; combout          ;
; |buffer4|current_length[1]   ; |buffer4|current_length[1]      ; combout          ;
; |buffer4|current_length[9]   ; |buffer4|current_length[9]      ; combout          ;
; |buffer4|current_length[7]   ; |buffer4|current_length[7]      ; combout          ;
; |buffer4|current_length[8]   ; |buffer4|current_length[8]      ; combout          ;
; |buffer4|current_length[15]  ; |buffer4|current_length[15]     ; combout          ;
; |buffer4|current_length[6]   ; |buffer4|current_length[6]      ; combout          ;
; |buffer4|current_length[4]   ; |buffer4|current_length[4]      ; combout          ;
; |buffer4|current_length[5]   ; |buffer4|current_length[5]      ; combout          ;
; |buffer4|state_debug[0]      ; |buffer4|state_debug[0]         ; padio            ;
; |buffer4|state_debug[1]      ; |buffer4|state_debug[1]         ; padio            ;
; |buffer4|state_debug[2]      ; |buffer4|state_debug[2]         ; padio            ;
; |buffer4|portNum[0]          ; |buffer4|portNum[0]             ; padio            ;
; |buffer4|portNum[1]          ; |buffer4|portNum[1]             ; padio            ;
; |buffer4|portNum[2]          ; |buffer4|portNum[2]             ; padio            ;
; |buffer4|portFour[0]         ; |buffer4|portFour[0]~corein     ; combout          ;
; |buffer4|portTwo[0]          ; |buffer4|portTwo[0]~corein      ; combout          ;
; |buffer4|portThree[0]        ; |buffer4|portThree[0]~corein    ; combout          ;
; |buffer4|portFour[1]         ; |buffer4|portFour[1]~corein     ; combout          ;
; |buffer4|portTwo[1]          ; |buffer4|portTwo[1]~corein      ; combout          ;
; |buffer4|portThree[1]        ; |buffer4|portThree[1]~corein    ; combout          ;
; |buffer4|portFour[2]         ; |buffer4|portFour[2]~corein     ; combout          ;
; |buffer4|portTwo[2]          ; |buffer4|portTwo[2]~corein      ; combout          ;
; |buffer4|portFour[3]         ; |buffer4|portFour[3]~corein     ; combout          ;
; |buffer4|portTwo[3]          ; |buffer4|portTwo[3]~corein      ; combout          ;
; |buffer4|portFour[4]         ; |buffer4|portFour[4]~corein     ; combout          ;
; |buffer4|portTwo[4]          ; |buffer4|portTwo[4]~corein      ; combout          ;
; |buffer4|portFour[5]         ; |buffer4|portFour[5]~corein     ; combout          ;
; |buffer4|portTwo[5]          ; |buffer4|portTwo[5]~corein      ; combout          ;
; |buffer4|portFour[6]         ; |buffer4|portFour[6]~corein     ; combout          ;
; |buffer4|portTwo[6]          ; |buffer4|portTwo[6]~corein      ; combout          ;
; |buffer4|portFour[7]         ; |buffer4|portFour[7]~corein     ; combout          ;
; |buffer4|portTwo[7]          ; |buffer4|portTwo[7]~corein      ; combout          ;
; |buffer4|lngth_four[10]      ; |buffer4|lngth_four[10]~corein  ; combout          ;
; |buffer4|lngth_four[9]       ; |buffer4|lngth_four[9]~corein   ; combout          ;
; |buffer4|lngth_four[8]       ; |buffer4|lngth_four[8]~corein   ; combout          ;
; |buffer4|lngth_four[7]       ; |buffer4|lngth_four[7]~corein   ; combout          ;
; |buffer4|lngth_four[6]       ; |buffer4|lngth_four[6]~corein   ; combout          ;
; |buffer4|lngth_four[5]       ; |buffer4|lngth_four[5]~corein   ; combout          ;
; |buffer4|lngth_four[4]       ; |buffer4|lngth_four[4]~corein   ; combout          ;
; |buffer4|lngth_four[3]       ; |buffer4|lngth_four[3]~corein   ; combout          ;
; |buffer4|lngth_four[2]       ; |buffer4|lngth_four[2]~corein   ; combout          ;
; |buffer4|lngth_four[1]       ; |buffer4|lngth_four[1]~corein   ; combout          ;
; |buffer4|lngth_four[11]      ; |buffer4|lngth_four[11]~corein  ; combout          ;
; |buffer4|lngth_four[14]      ; |buffer4|lngth_four[14]~corein  ; combout          ;
; |buffer4|lngth_four[13]      ; |buffer4|lngth_four[13]~corein  ; combout          ;
; |buffer4|lngth_four[12]      ; |buffer4|lngth_four[12]~corein  ; combout          ;
; |buffer4|lngth_four[0]       ; |buffer4|lngth_four[0]~corein   ; combout          ;
; |buffer4|lngth_four[15]      ; |buffer4|lngth_four[15]~corein  ; combout          ;
; |buffer4|lngth_three[10]     ; |buffer4|lngth_three[10]~corein ; combout          ;
; |buffer4|lngth_three[9]      ; |buffer4|lngth_three[9]~corein  ; combout          ;
; |buffer4|lngth_three[8]      ; |buffer4|lngth_three[8]~corein  ; combout          ;
; |buffer4|lngth_three[7]      ; |buffer4|lngth_three[7]~corein  ; combout          ;
; |buffer4|lngth_three[6]      ; |buffer4|lngth_three[6]~corein  ; combout          ;
; |buffer4|lngth_three[5]      ; |buffer4|lngth_three[5]~corein  ; combout          ;
; |buffer4|lngth_three[4]      ; |buffer4|lngth_three[4]~corein  ; combout          ;
; |buffer4|lngth_three[3]      ; |buffer4|lngth_three[3]~corein  ; combout          ;
; |buffer4|lngth_three[2]      ; |buffer4|lngth_three[2]~corein  ; combout          ;
; |buffer4|lngth_three[1]      ; |buffer4|lngth_three[1]~corein  ; combout          ;
; |buffer4|lngth_three[11]     ; |buffer4|lngth_three[11]~corein ; combout          ;
; |buffer4|lngth_three[14]     ; |buffer4|lngth_three[14]~corein ; combout          ;
; |buffer4|lngth_three[13]     ; |buffer4|lngth_three[13]~corein ; combout          ;
; |buffer4|lngth_three[12]     ; |buffer4|lngth_three[12]~corein ; combout          ;
; |buffer4|lngth_three[0]      ; |buffer4|lngth_three[0]~corein  ; combout          ;
; |buffer4|lngth_three[15]     ; |buffer4|lngth_three[15]~corein ; combout          ;
; |buffer4|enable              ; |buffer4|enable~corein          ; combout          ;
; |buffer4|reset               ; |buffer4|reset~corein           ; combout          ;
; |buffer4|lngth_two[10]       ; |buffer4|lngth_two[10]~corein   ; combout          ;
; |buffer4|lngth_two[9]        ; |buffer4|lngth_two[9]~corein    ; combout          ;
; |buffer4|lngth_two[8]        ; |buffer4|lngth_two[8]~corein    ; combout          ;
; |buffer4|lngth_two[7]        ; |buffer4|lngth_two[7]~corein    ; combout          ;
; |buffer4|lngth_two[6]        ; |buffer4|lngth_two[6]~corein    ; combout          ;
; |buffer4|lngth_two[5]        ; |buffer4|lngth_two[5]~corein    ; combout          ;
; |buffer4|lngth_two[4]        ; |buffer4|lngth_two[4]~corein    ; combout          ;
; |buffer4|lngth_two[3]        ; |buffer4|lngth_two[3]~corein    ; combout          ;
; |buffer4|lngth_two[2]        ; |buffer4|lngth_two[2]~corein    ; combout          ;
; |buffer4|lngth_two[1]        ; |buffer4|lngth_two[1]~corein    ; combout          ;
; |buffer4|lngth_two[11]       ; |buffer4|lngth_two[11]~corein   ; combout          ;
; |buffer4|lngth_two[14]       ; |buffer4|lngth_two[14]~corein   ; combout          ;
; |buffer4|lngth_two[13]       ; |buffer4|lngth_two[13]~corein   ; combout          ;
; |buffer4|lngth_two[12]       ; |buffer4|lngth_two[12]~corein   ; combout          ;
; |buffer4|lngth_two[0]        ; |buffer4|lngth_two[0]~corein    ; combout          ;
; |buffer4|lngth_two[15]       ; |buffer4|lngth_two[15]~corein   ; combout          ;
; |buffer4|lngth_one[10]       ; |buffer4|lngth_one[10]~corein   ; combout          ;
; |buffer4|lngth_one[9]        ; |buffer4|lngth_one[9]~corein    ; combout          ;
; |buffer4|lngth_one[8]        ; |buffer4|lngth_one[8]~corein    ; combout          ;
; |buffer4|lngth_one[7]        ; |buffer4|lngth_one[7]~corein    ; combout          ;
; |buffer4|lngth_one[6]        ; |buffer4|lngth_one[6]~corein    ; combout          ;
; |buffer4|lngth_one[5]        ; |buffer4|lngth_one[5]~corein    ; combout          ;
; |buffer4|lngth_one[4]        ; |buffer4|lngth_one[4]~corein    ; combout          ;
; |buffer4|lngth_one[3]        ; |buffer4|lngth_one[3]~corein    ; combout          ;
; |buffer4|lngth_one[2]        ; |buffer4|lngth_one[2]~corein    ; combout          ;
; |buffer4|lngth_one[1]        ; |buffer4|lngth_one[1]~corein    ; combout          ;
; |buffer4|lngth_one[11]       ; |buffer4|lngth_one[11]~corein   ; combout          ;
; |buffer4|lngth_one[14]       ; |buffer4|lngth_one[14]~corein   ; combout          ;
; |buffer4|lngth_one[13]       ; |buffer4|lngth_one[13]~corein   ; combout          ;
; |buffer4|lngth_one[12]       ; |buffer4|lngth_one[12]~corein   ; combout          ;
; |buffer4|lngth_one[0]        ; |buffer4|lngth_one[0]~corein    ; combout          ;
; |buffer4|lngth_one[15]       ; |buffer4|lngth_one[15]~corein   ; combout          ;
; |buffer4|state_reg.A~clkctrl ; |buffer4|state_reg.A~clkctrl    ; outclk           ;
; |buffer4|process_0~0clkctrl  ; |buffer4|process_0~0clkctrl     ; outclk           ;
; |buffer4|Equal3~0DUPLICATE   ; |buffer4|Equal3~0DUPLICATE      ; combout          ;
; |buffer4|Equal1~6DUPLICATE   ; |buffer4|Equal1~6DUPLICATE      ; combout          ;
; |buffer4|Equal0~0DUPLICATE   ; |buffer4|Equal0~0DUPLICATE      ; combout          ;
+------------------------------+---------------------------------+------------------+


+---------------------+
; Simulator INI Usage ;
+--------+------------+
; Option ; Usage      ;
+--------+------------+


+--------------------+
; Simulator Messages ;
+--------------------+
Info: *******************************************************************
Info: Running Quartus II Simulator
    Info: Version 9.1 Build 350 03/24/2010 Service Pack 2 SJ Web Edition
    Info: Processing started: Wed Mar 18 21:27:28 2015
Info: Command: quartus_sim --read_settings_files=on --write_settings_files=off buffer4 -c buffer
Info: Using vector source file "C:/Users/Timo/Documents/DUKE/Senior/Spring/ECE 559/Forwarding/buffer.vwf"
Info: Option to preserve fewer signal transitions to reduce memory requirements is enabled
    Info: Simulation has been partitioned into sub-simulations according to the maximum transition count determined by the engine. Transitions from memory will be flushed out to disk at the end of each sub-simulation to reduce memory requirements.
Info: Simulation partitioned into 1 sub-simulations
Info: Simulation coverage is       6.96 %
Info: Number of transitions in simulation is 440
Info: Quartus II Simulator was successful. 0 errors, 0 warnings
    Info: Peak virtual memory: 153 megabytes
    Info: Processing ended: Wed Mar 18 21:27:28 2015
    Info: Elapsed time: 00:00:00
    Info: Total CPU time (on all processors): 00:00:01


